# Changelog
All notable changes to this project will be documented in this file.

The format is based on [Keep a Changelog](https://keepachangelog.com/en/1.0.0/), and this project adheres to [Semantic Versioning](https://semver.org/spec/v2.0.0.html).

## Unreleased

## 2.0.0 - 2023-01-16
### Added
- Just unreleased stuff

## 1.0.0 - 2017-06-20
### Added
- New visual identity by
